96 Zeilen geladen aus 2 Datei(en).

Zusammenfassungstabelle gespeichert: results\pilot_protocol_v3\analysis\summary_table.csv
Markdown-Tabelle gespeichert: results\pilot_protocol_v3\analysis\summary_table.md

| quantization | condition | accuracy_pct | mean_tokens | mean_time_s | efficiency_acc_per_1k_tokens | n |
| --- | --- | --- | --- | --- | --- | --- |
| Q4_K_M | A_direct | 0.0 | 10.75 | 0.2471724000001813 | 0.0 | 4 |
| Q4_K_M | B_free | 75.0 | 6467.0 | 128.12389222500042 | 0.116 | 4 |
| Q4_K_M | C_fixed_budget1024 | 50.0 | 1031.25 | 18.920842800000173 | 0.485 | 4 |
| Q4_K_M | C_fixed_budget256 | 0.0 | 263.0 | 5.032349099999465 | 0.0 | 4 |
| Q4_K_M | C_fixed_budget512 | 25.0 | 519.5 | 9.47795625000026 | 0.481 | 4 |
| Q4_K_M | D_generic_budget1024 | 50.0 | 1031.25 | 18.938976449999927 | 0.485 | 4 |
| Q4_K_M | D_generic_budget256 | 0.0 | 263.0 | 4.801575550000052 | 0.0 | 4 |
| Q4_K_M | D_generic_budget512 | 25.0 | 520.0 | 9.510298249999778 | 0.481 | 4 |
| Q4_K_M | E_financial_budget1024 | 50.0 | 1031.25 | 18.957604774999936 | 0.485 | 4 |
| Q4_K_M | E_financial_budget256 | 25.0 | 266.25 | 4.866855774999522 | 0.939 | 4 |
| Q4_K_M | E_financial_budget512 | 50.0 | 520.0 | 9.499537124999506 | 0.962 | 4 |
| Q4_K_M | F_adaptive | 50.0 | 546.75 | 10.017458499999748 | 0.914 | 4 |
| Q8_0 | A_direct | 0.0 | 10.75 | 0.38104120000002695 | 0.0 | 4 |
| Q8_0 | B_free | 75.0 | 8010.0 | 256.70476445000054 | 0.094 | 4 |
| Q8_0 | C_fixed_budget1024 | 50.0 | 1031.25 | 31.199925800000074 | 0.485 | 4 |
| Q8_0 | C_fixed_budget256 | 25.0 | 311.25 | 9.88834940000038 | 0.803 | 4 |
| Q8_0 | C_fixed_budget512 | 50.0 | 582.0 | 17.552981949999776 | 0.859 | 4 |
| Q8_0 | D_generic_budget1024 | 50.0 | 1031.5 | 31.265907550000065 | 0.485 | 4 |
| Q8_0 | D_generic_budget256 | 25.0 | 303.0 | 9.14874527500001 | 0.825 | 4 |
| Q8_0 | D_generic_budget512 | 25.0 | 519.25 | 15.670060775000593 | 0.481 | 4 |
| Q8_0 | E_financial_budget1024 | 75.0 | 1056.25 | 31.995149574999687 | 0.71 | 4 |
| Q8_0 | E_financial_budget256 | 25.0 | 263.25 | 7.964523624999629 | 0.95 | 4 |
| Q8_0 | E_financial_budget512 | 25.0 | 567.75 | 17.141284324999333 | 0.44 | 4 |
| Q8_0 | F_adaptive | 25.0 | 455.75 | 13.78297590000011 | 0.549 | 4 |

Diagramm gespeichert: results\pilot_protocol_v3\analysis\accuracy_by_condition.png
Diagramm gespeichert: results\pilot_protocol_v3\analysis\tokens_vs_accuracy.png
Diagramm gespeichert: results\pilot_protocol_v3\analysis\cde_over_budget.png

Fertig. Alle Ergebnisse liegen in results\pilot_protocol_v3\analysis/

=== Quantisierung: Q4_K_M ===
  H1: Budget 256 vs. 1024 (C, kein Zusatzprompt): n=4, Acc A=0.0%, Acc B=50.0%, p=0.5000, signifikant=nein
  H1: Budget 256 vs. 1024 (D, generische Intervention): n=4, Acc A=0.0%, Acc B=50.0%, p=0.5000, signifikant=nein
  H1: Budget 256 vs. 1024 (E, finanzspezifische Intervention): n=4, Acc A=25.0%, Acc B=50.0%, p=1.0000, signifikant=nein
  H3: D vs. E bei Budget 256: n=4, Acc A=0.0%, Acc B=25.0%, p=1.0000, signifikant=nein
  H3: D vs. E bei Budget 1024: n=4, Acc A=50.0%, Acc B=50.0%, p=1.0000, signifikant=nein

=== Quantisierung: Q8_0 ===
  H1: Budget 256 vs. 1024 (C, kein Zusatzprompt): n=4, Acc A=25.0%, Acc B=50.0%, p=1.0000, signifikant=nein
  H1: Budget 256 vs. 1024 (D, generische Intervention): n=4, Acc A=25.0%, Acc B=50.0%, p=1.0000, signifikant=nein
  H1: Budget 256 vs. 1024 (E, finanzspezifische Intervention): n=4, Acc A=25.0%, Acc B=75.0%, p=0.5000, signifikant=nein
  H3: D vs. E bei Budget 256: n=4, Acc A=25.0%, Acc B=25.0%, p=1.0000, signifikant=nein
  H3: D vs. E bei Budget 1024: n=4, Acc A=50.0%, Acc B=75.0%, p=1.0000, signifikant=nein

Ergebnisse zusaetzlich gespeichert in: results\pilot_protocol_v3\analysis\statistical_tests.md
